[crowdpesa.co.ke/index.html]
[backblue.gif]
[fade.gif]
[index.html]
[www.crowdpesa.co.ke/images/icon.0.delayed]
[crowdpesa.co.ke/opensearch.1.delayed]
[www.crowdpesa.co.ke/css/templates/blue/combine.css]
[www.crowdpesa.co.ke/css/templates/blue/home.css]
[www.crowdpesa.co.ke/css/templates/blue/signin_signup.css]
[www.crowdpesa.co.ke/css/templates/blue/browse.css]
[www.crowdpesa.co.ke/css/templates/blue/static.css]
[www.crowdpesa.co.ke/css/templates/blue/responsive.css]
[www.crowdpesa.co.ke/css/templates/blue/font-awesome.min.css]
[www.crowdpesa.co.ke/css/templates/blue/strap.css]
[www.crowdpesa.co.ke/css/templates/blue/dashboard.css]
[www.crowdpesa.co.ke/js/strap.js]
[www.crowdpesa.co.ke/js/carousel.js]
[www.crowdpesa.co.ke/js/dropdown.js]
[www.crowdpesa.co.ke/js/modal.js]
[www.crowdpesa.co.ke/css/templates/blue/font-awesome/css/font-awesome.min.css]
[www.crowdpesa.co.ke/js/rum.js]
[www.crowdpesa.co.ke/js/jquery_lib.js]
[crowdpesa.co.ke/google_analytics_auto.js]
[www.crowdpesa.co.ke/js/jquery.min.js]
[www.crowdpesa.co.ke/logo/crowdpesa.jpg]
[www.crowdpesa.co.ke/js/swfobject.js]
[www.crowdpesa.co.ke/files/cache/1448875427d7716810d825f4b55d18727c3ccb24e6.js]
[www.crowdpesa.co.ke/css/templates/blue/images/football.png]
[www.crowdpesa.co.ke/js/facebook_invite.js]
[www.crowdpesa.co.ke/js/jquery.validate.min.js]
[crowdpesa.co.ke/index.html]
[www.crowdpesa.co.ke/images/icon.html]
[crowdpesa.co.ke/opensearch.html]
[www.crowdpesa.co.ke/css/templates/blue/images/header_bg.png]
[www.crowdpesa.co.ke/css/templates/blue/images/button.png]
[www.crowdpesa.co.ke/files/cache/1448875487112bcf1aaa41c9457abd2b6593994191.js]
[www.crowdpesa.co.ke/css/templates/blue/images/link2_bg.png]
[www.crowdpesa.co.ke/css/templates/blue/images/button1.png]
[www.crowdpesa.co.ke/js/jwplayer.js]
[www.crowdpesa.co.ke/css/templates/blue/images/hsearcch_blk_bg.png]
[www.crowdpesa.co.ke/css/templates/blue/images/hsearch_inp.png]
[www.crowdpesa.co.ke/css/templates/blue/images/search_button.png]
[www.crowdpesa.co.ke/js/jquery-ui-1.8.14.custom.min.js]
[www.crowdpesa.co.ke/css/templates/blue/images/nav_border.png]
[www.crowdpesa.co.ke/css/templates/blue/images/nav_select.png]
[www.crowdpesa.co.ke/css/templates/blue/images/most_view_left_bg.png]
[www.crowdpesa.co.ke/css/templates/blue/images/top_loc_arrow.png]
[www.crowdpesa.co.ke/css/templates/blue/images/language_bg.png]
[www.crowdpesa.co.ke/css/templates/blue/images/flags5.png]
[www.crowdpesa.co.ke/css/templates/blue/images/flags.png]
[www.crowdpesa.co.ke/css/templates/blue/images/sign_bg.png]
[www.crowdpesa.co.ke/css/templates/blue/images/google_trans.png]
[x.translateth.is/tt-btn1.png]
[www.crowdpesa.co.ke/css/templates/blue/images/nott_success.png]
[www.crowdpesa.co.ke/css/templates/blue/images/nott_error.png]
[www.crowdpesa.co.ke/css/templates/blue/images/sign_fb_butt.png]
[www.crowdpesa.co.ke/css/templates/blue/images/sign_fb_butt_over.png]
[www.crowdpesa.co.ke/css/templates/blue/images/twitter.png]
[www.crowdpesa.co.ke/css/templates/blue/images/twitter_hover.png]
[www.crowdpesa.co.ke/css/templates/blue/images/google.png]
[www.crowdpesa.co.ke/css/templates/blue/images/google_hover.png]
[www.crowdpesa.co.ke/css/templates/blue/images/port.png]
[www.crowdpesa.co.ke/css/templates/blue/images/spain.png]
[www.crowdpesa.co.ke/css/templates/blue/images/search_icons.png]
[www.crowdpesa.co.ke/images/englishicon.jpg]
[www.crowdpesa.co.ke/images/language.jpg]
[www.crowdpesa.co.ke/css/templates/blue/images/bullet.png]
[www.crowdpesa.co.ke/css/templates/blue/images/lang_aarow.png]
[www.crowdpesa.co.ke/css/templates/blue/images/up_arrow.png]
[www.crowdpesa.co.ke/css/templates/blue/images/savewish.png]
[www.crowdpesa.co.ke/css/templates/blue/images/savewish_hover.png]
[www.crowdpesa.co.ke/css/templates/blue/images/heart_wish.png]
[www.crowdpesa.co.ke/css/templates/blue/images/tweet.png]
[www.crowdpesa.co.ke/css/templates/blue/images/tweet_hover.png]
[www.crowdpesa.co.ke/css/templates/blue/images/heart.png]
[www.crowdpesa.co.ke/css/templates/img/docs.png]
[www.crowdpesa.co.ke/css/templates/img/bubble.png]
[www.crowdpesa.co.ke/css/templates/img/arrow.png]
[www.crowdpesa.co.ke/images/dollar_bg.png]
[www.crowdpesa.co.ke/css/templates/images/docs.png]
[www.crowdpesa.co.ke/css/templates/images/bubble.png]
[www.crowdpesa.co.ke/css/templates/images/arrow.png]
[www.crowdpesa.co.ke/css/templates/blue/images/landette-bottom.png]
[www.crowdpesa.co.ke/images/facebook-logo.png]
[www.crowdpesa.co.ke/css/templates/blue/images/price_card.png]
[www.crowdpesa.co.ke/css/templates/blue/images/first_top.png]
[www.crowdpesa.co.ke/css/templates/blue/images/delete-32.png]
[www.crowdpesa.co.ke/css/templates/blue/images/google_in.png]
[www.crowdpesa.co.ke/css/templates/blue/images/google_in_hover.png]
[www.crowdpesa.co.ke/css/templates/blue/images/google_up.png]
[www.crowdpesa.co.ke/css/templates/blue/images/google_up_hover.png]
[www.crowdpesa.co.ke/css/templates/blue/images/hover_friend_icon.png]
[www.crowdpesa.co.ke/images/invite_user.png]
[www.crowdpesa.co.ke/images/back.png]
[www.crowdpesa.co.ke/images/invite_fb.png]
[www.crowdpesa.co.ke/images/invite_fb_fb.png]
[www.crowdpesa.co.ke/images/email_friends.png]
[www.crowdpesa.co.ke/images/invite_fb_hv.png]
[www.crowdpesa.co.ke/images/email_hv.png]
[www.crowdpesa.co.ke/images/email_top.png]
[www.crowdpesa.co.ke/images/email_middle.png]
[www.crowdpesa.co.ke/images/email_bottom.png]
[www.crowdpesa.co.ke/images/list_your_space.png]
[www.crowdpesa.co.ke/images/down_arrow.png]
[www.crowdpesa.co.ke/images/fbshare.png]
[www.crowdpesa.co.ke/images/twshare.png]
[www.crowdpesa.co.ke/images/fbshare_hv.png]
[www.crowdpesa.co.ke/images/twshare_hv.png]
[www.crowdpesa.co.ke/images/images/email_friends_box_shadow.png]
[www.crowdpesa.co.ke/images/arrow-rgt.png]
[www.crowdpesa.co.ke/images/icon_arrow.png]
[www.crowdpesa.co.ke/images/tick.png]
[www.crowdpesa.co.ke/images/loading_16.gif]
[www.crowdpesa.co.ke/images/back_arrow.png]
[www.crowdpesa.co.ke/images/welcome_container_bg.png]
[www.crowdpesa.co.ke/images/calender_list-1.png]
[www.crowdpesa.co.ke/images/calender_list-2.png]
[www.crowdpesa.co.ke/images/calender_list-3.png]
[www.crowdpesa.co.ke/images/tick-hover.png]
[www.crowdpesa.co.ke/images/cal-hover.png]
[www.crowdpesa.co.ke/css/templates/blue/images/arrowreserve_click.png]
[www.crowdpesa.co.ke/css/templates/blue/combine.css]
[www.crowdpesa.co.ke/css/templates/blue/signpainterhousescript.woff]
[www.crowdpesa.co.ke/css/templates/blue/signpainterhousescript.eot]
[www.crowdpesa.co.ke/css/templates/blue/signpainterhousescript.ttf]
[www.crowdpesa.co.ke/css/templates/blue/signpainterhousescript.svg]
[www.crowdpesa.co.ke/css/templates/blue/signpainterhousescriptd41d.eot]
[www.crowdpesa.co.ke/css/templates/blue/helvetica.woff]
[www.crowdpesa.co.ke/css/templates/blue/helvetica.ttf]
[www.crowdpesa.co.ke/css/templates/blue/helvetica.svg]
[www.crowdpesa.co.ke/css/templates/blue/images/normal_friend_icon_hover.png]
[www.crowdpesa.co.ke/css/templates/blue/helvetica.eot]
[www.crowdpesa.co.ke/css/templates/blue/images/down_arrow1.png]
[www.crowdpesa.co.ke/css/templates/blue/images/normal_heart_icon.png]
[www.crowdpesa.co.ke/css/templates/blue/helveticad41d.eot]
[www.crowdpesa.co.ke/css/templates/blue/images/normal_friend_icon.png]
[www.crowdpesa.co.ke/css/templates/blue/images/normal_neighborhood_icon.png]
[www.crowdpesa.co.ke/css/templates/blue/images/slide_arrow.png]
[www.crowdpesa.co.ke/css/templates/blue/images/calender_arrow.png]
[www.crowdpesa.co.ke/css/templates/blue/images/arrow.png]
[www.crowdpesa.co.ke/css/templates/blue/images/search_bg.jpg]
[www.crowdpesa.co.ke/css/templates/blue/home.css]
[www.crowdpesa.co.ke/css/templates/blue/images/signup_head.jpg]
[www.crowdpesa.co.ke/css/templates/blue/images/sign_section_bg.png]
[www.crowdpesa.co.ke/css/templates/blue/images/facebook.png]
[www.crowdpesa.co.ke/css/templates/blue/images/facebook_hover.png]
[www.crowdpesa.co.ke/css/templates/blue/images/facebook_up.png]
[www.crowdpesa.co.ke/css/templates/blue/images/facebook_up_hover.png]
[www.crowdpesa.co.ke/css/templates/blue/images/sign_border.png]
[www.crowdpesa.co.ke/css/templates/blue/images/twitter_up.png]
[www.crowdpesa.co.ke/css/templates/blue/images/twitter_up_hover.png]
[www.crowdpesa.co.ke/css/templates/blue/images/signin_with_google_hv.png]
[www.crowdpesa.co.ke/css/templates/blue/images/signin_with_google.png]
[www.crowdpesa.co.ke/css/templates/blue/signin_signup.css]
[www.crowdpesa.co.ke/images/left-quotation.png]
[www.crowdpesa.co.ke/css/templates/blue/browse.css]
[www.crowdpesa.co.ke/css/templates/blue/images/howitwork_blue.png]
[www.crowdpesa.co.ke/css/templates/blue/images/green_butt.png]
[www.crowdpesa.co.ke/css/templates/blue/images/blue_butt.png]
[www.crowdpesa.co.ke/css/templates/blue/images/rose_butt.png]
[www.crowdpesa.co.ke/images/bar-bg.jpg]
[www.crowdpesa.co.ke/css/templates/blue/images/help-search-icon.png]
[www.crowdpesa.co.ke/css/templates/blue/static.css]
[www.crowdpesa.co.ke/css/templates/blue/responsive.css]
[www.crowdpesa.co.ke/css/templates/blue/fontawesome-webfont78ce.woff]
[www.crowdpesa.co.ke/css/templates/blue/fontawesome-webfont78ce.eot]
[www.crowdpesa.co.ke/css/templates/blue/fontawesome-webfontd41d.eot]
[www.crowdpesa.co.ke/css/templates/blue/fontawesome-webfont78ce.ttf]
[www.crowdpesa.co.ke/css/templates/blue/fontawesome-webfont78ce.svg]
[www.crowdpesa.co.ke/css/templates/blue/font-awesome.min.css]
[www.crowdpesa.co.ke/css/templates/blue/strap.css]
[www.crowdpesa.co.ke/css/templates/blue/images/pagination_bg.png]
[www.crowdpesa.co.ke/css/templates/blue/images/alert1.png]
[www.crowdpesa.co.ke/css/templates/blue/images/action_icons.png]
[www.crowdpesa.co.ke/css/templates/blue/images/star_unfill.png]
[www.crowdpesa.co.ke/css/templates/blue/images/star_fill.png]
[www.crowdpesa.co.ke/css/templates/blue/images/print_icon.png]
[www.crowdpesa.co.ke/css/templates/blue/dashboard.css]
[www.crowdpesa.co.ke/css/templates/blue/font-awesome/css/font-awesome.min.css]
[www.crowdpesa.co.ke/css/templates/blue/images/heart_wish.html]
[www.crowdpesa.co.ke/css/templates/img/docs.html]
[www.crowdpesa.co.ke/css/templates/img/bubble.html]
[www.crowdpesa.co.ke/css/templates/img/arrow.html]
[www.crowdpesa.co.ke/css/templates/images/docs.html]
[www.crowdpesa.co.ke/css/templates/images/bubble.html]
[www.crowdpesa.co.ke/css/templates/images/arrow.html]
[www.crowdpesa.co.ke/images/images/email_friends_box_shadow.html]
[www.crowdpesa.co.ke/images/icon_arrow.html]
[www.crowdpesa.co.ke/images/loading_16.html]
[www.crowdpesa.co.ke/css/templates/blue/signpainterhousescript.svg]
[www.crowdpesa.co.ke/css/templates/blue/helvetica.html]
[www.crowdpesa.co.ke/css/templates/blue/helvetica-2.html]
[www.crowdpesa.co.ke/css/templates/blue/helvetica-3.html]
[www.crowdpesa.co.ke/css/templates/blue/fontawesome-webfont78ce.html]
[www.crowdpesa.co.ke/css/templates/blue/images/Banner6.html]
[www.crowdpesa.co.ke/css/templates/blue/images/Banner6.html]
[crowdpesa.co.ke/images/down_arrow1.html]
[www.crowdpesa.co.ke/css/templates/blue/crosshair.html]
[www.crowdpesa.co.ke/css/templates/blue/crosshair.html]
[crowdpesa.co.ke/images/down_arrow1.html]
